$ lino changes --since 3 --json
-- stdout --
{"version":1,"ok":true,"outcome":"truncated","data":{"events":[{"seq":4,"time":"T","source":"lino","op":"edit","path":"other/f.txt","kind":"modified","v_before":"aaaaaa","v_after":"bbbbbb","ranges":[{"start":4,"end":4}]},{"seq":5,"time":"T","source":"lino","op":"mv","path":"wallet/new.go","from":"old/w.go","kind":"moved"},{"seq":6,"time":"T","source":"lino","op":"rm","path":"wallet/gone.go","kind":"removed","v_before":"123abc"}],"next":6},"message":"truncated at 3 events","hint":"--since 6"}
-- stderr --
