$ lino history --direct
exit 0
-- stdout --
6  <time>  lino      -        rm        old/gone.txt        removed
5  <time>  lino      agent-1  delete    docs/notes.md       lines 1(del)
4  <time>  external  -        external  wallet/service.go   lines 5
3  <time>  lino      -        mv        wallet/check.go     moved from wallet/validate.go
2  <time>  lino      agent-1  write     wallet/validate.go  created
1  <time>  lino      agent-2  edit      wallet/service.go   lines 2-3
-- stderr --
