$ lino show 7 --json
-- stdout --
{"version":1,"ok":true,"outcome":"ok","data":{"id":7,"time":"2026-09-23T12:41:13Z","source":"lino","author":"agent-2","op":"rollback","path":"wallet/service.go","v_before":"5f02aa","v_after":"8c21e0","undid":1,"hunks":[{"old_start":13,"old":["    if amt <= 0 || amt > MaxWithdraw {"],"new_start":13,"new":["    if amt <= 0 {"]}],"diff_lines":2,"shown_lines":2}}
-- stderr --
