stdout:
{"version":1,"ok":true,"outcome":"ok","data":{"path":".","dir":true,"files":7,"lines":248,"size":4549,"entries":[{"path":".gitignore","depth":1,"lines":1,"size":7},{"path":"README.md","depth":1,"lines":3,"size":14},{"path":"empty","depth":1,"dir":true,"files":1,"lines":0,"size":0},{"path":"wallet","depth":1,"dir":true,"files":4,"lines":244,"size":4528}],"total":4}}
stderr:
