stdout:
{"version":1,"ok":true,"outcome":"ok","data":{"path":".","dir":true,"files":7,"lines":248,"size":4549,"entries":[{"path":".gitignore","depth":1,"lines":1,"size":7},{"path":"README.md","depth":1,"lines":3,"size":14},{"path":"empty","depth":1,"dir":true,"files":1,"lines":0,"size":0},{"path":"empty/.gitkeep","depth":2,"lines":0,"size":0},{"path":"wallet","depth":1,"dir":true,"files":4,"lines":244,"size":4528},{"path":"wallet/errors.go","depth":2,"lines":1,"size":15},{"path":"wallet/img","depth":2,"dir":true,"files":1,"lines":0,"size":4006},{"path":"wallet/img/logo.png","depth":3,"lines":0,"size":4006,"binary":true},{"path":"wallet/internal","depth":2,"dir":true,"files":1,"lines":3,"size":27},{"path":"wallet/internal/db","depth":3,"dir":true,"files":1,"lines":3,"size":27},{"path":"wallet/internal/db/db.go","depth":4,"lines":3,"size":27},{"path":"wallet/service.go","depth":2,"lines":240,"size":480}],"total":12}}
stderr:
