stdout:
{"version":1,"ok":true,"outcome":"ok","data":{"path":"wallet","dir":true,"files":4,"lines":244,"size":4528,"entries":[{"path":"wallet/errors.go","depth":1,"lines":1,"size":15},{"path":"wallet/img","depth":1,"dir":true,"files":1,"lines":0,"size":4006},{"path":"wallet/img/logo.png","depth":2,"lines":0,"size":4006,"binary":true},{"path":"wallet/internal","depth":1,"dir":true,"files":1,"lines":3,"size":27},{"path":"wallet/internal/db","depth":2,"dir":true,"files":1,"lines":3,"size":27},{"path":"wallet/internal/db/db.go","depth":3,"lines":3,"size":27},{"path":"wallet/service.go","depth":1,"lines":240,"size":480}],"total":7}}
stderr:
