stdout:
./  460 files  460 lines  920B
  d0/  50 files  50 lines  100B
    f00.txt  1 line  2B
    f01.txt  1 line  2B
    f02.txt  1 line  2B
    f03.txt  1 line  2B
    f04.txt  1 line  2B
    f05.txt  1 line  2B
    f06.txt  1 line  2B
    f07.txt  1 line  2B
    f08.txt  1 line  2B
    f09.txt  1 line  2B
    f10.txt  1 line  2B
    f11.txt  1 line  2B
    f12.txt  1 line  2B
    f13.txt  1 line  2B
    f14.txt  1 line  2B
    f15.txt  1 line  2B
    f16.txt  1 line  2B
    f17.txt  1 line  2B
    f18.txt  1 line  2B
    f19.txt  1 line  2B
    f20.txt  1 line  2B
    f21.txt  1 line  2B
    f22.txt  1 line  2B
    f23.txt  1 line  2B
    f24.txt  1 line  2B
    f25.txt  1 line  2B
    f26.txt  1 line  2B
    f27.txt  1 line  2B
    f28.txt  1 line  2B
    f29.txt  1 line  2B
    f30.txt  1 line  2B
    f31.txt  1 line  2B
    f32.txt  1 line  2B
    f33.txt  1 line  2B
    f34.txt  1 line  2B
    f35.txt  1 line  2B
    f36.txt  1 line  2B
    f37.txt  1 line  2B
    f38.txt  1 line  2B
    f39.txt  1 line  2B
    f40.txt  1 line  2B
    f41.txt  1 line  2B
    f42.txt  1 line  2B
    f43.txt  1 line  2B
    f44.txt  1 line  2B
    f45.txt  1 line  2B
    f46.txt  1 line  2B
    f47.txt  1 line  2B
    f48.txt  1 line  2B
    f49.txt  1 line  2B
  d1/  50 files  50 lines  100B
    f00.txt  1 line  2B
    f01.txt  1 line  2B
    f02.txt  1 line  2B
    f03.txt  1 line  2B
    f04.txt  1 line  2B
    f05.txt  1 line  2B
    f06.txt  1 line  2B
    f07.txt  1 line  2B
    f08.txt  1 line  2B
    f09.txt  1 line  2B
    f10.txt  1 line  2B
    f11.txt  1 line  2B
    f12.txt  1 line  2B
    f13.txt  1 line  2B
    f14.txt  1 line  2B
    f15.txt  1 line  2B
    f16.txt  1 line  2B
    f17.txt  1 line  2B
    f18.txt  1 line  2B
    f19.txt  1 line  2B
    f20.txt  1 line  2B
    f21.txt  1 line  2B
    f22.txt  1 line  2B
    f23.txt  1 line  2B
    f24.txt  1 line  2B
    f25.txt  1 line  2B
    f26.txt  1 line  2B
    f27.txt  1 line  2B
    f28.txt  1 line  2B
    f29.txt  1 line  2B
    f30.txt  1 line  2B
    f31.txt  1 line  2B
    f32.txt  1 line  2B
    f33.txt  1 line  2B
    f34.txt  1 line  2B
    f35.txt  1 line  2B
    f36.txt  1 line  2B
    f37.txt  1 line  2B
    f38.txt  1 line  2B
    f39.txt  1 line  2B
    f40.txt  1 line  2B
    f41.txt  1 line  2B
    f42.txt  1 line  2B
    f43.txt  1 line  2B
    f44.txt  1 line  2B
    f45.txt  1 line  2B
    f46.txt  1 line  2B
    f47.txt  1 line  2B
    f48.txt  1 line  2B
    f49.txt  1 line  2B
  d2/  50 files  50 lines  100B
    f00.txt  1 line  2B
    f01.txt  1 line  2B
    f02.txt  1 line  2B
    f03.txt  1 line  2B
    f04.txt  1 line  2B
    f05.txt  1 line  2B
    f06.txt  1 line  2B
    f07.txt  1 line  2B
    f08.txt  1 line  2B
    f09.txt  1 line  2B
    f10.txt  1 line  2B
    f11.txt  1 line  2B
    f12.txt  1 line  2B
    f13.txt  1 line  2B
    f14.txt  1 line  2B
    f15.txt  1 line  2B
    f16.txt  1 line  2B
    f17.txt  1 line  2B
    f18.txt  1 line  2B
    f19.txt  1 line  2B
    f20.txt  1 line  2B
    f21.txt  1 line  2B
    f22.txt  1 line  2B
    f23.txt  1 line  2B
    f24.txt  1 line  2B
    f25.txt  1 line  2B
    f26.txt  1 line  2B
    f27.txt  1 line  2B
    f28.txt  1 line  2B
    f29.txt  1 line  2B
    f30.txt  1 line  2B
    f31.txt  1 line  2B
    f32.txt  1 line  2B
    f33.txt  1 line  2B
    f34.txt  1 line  2B
    f35.txt  1 line  2B
    f36.txt  1 line  2B
    f37.txt  1 line  2B
    f38.txt  1 line  2B
    f39.txt  1 line  2B
    f40.txt  1 line  2B
    f41.txt  1 line  2B
    f42.txt  1 line  2B
    f43.txt  1 line  2B
    f44.txt  1 line  2B
    f45.txt  1 line  2B
    f46.txt  1 line  2B
    f47.txt  1 line  2B
    f48.txt  1 line  2B
    f49.txt  1 line  2B
  d3/  50 files  50 lines  100B
    f00.txt  1 line  2B
    f01.txt  1 line  2B
    f02.txt  1 line  2B
    f03.txt  1 line  2B
    f04.txt  1 line  2B
    f05.txt  1 line  2B
    f06.txt  1 line  2B
    f07.txt  1 line  2B
    f08.txt  1 line  2B
    f09.txt  1 line  2B
    f10.txt  1 line  2B
    f11.txt  1 line  2B
    f12.txt  1 line  2B
    f13.txt  1 line  2B
    f14.txt  1 line  2B
    f15.txt  1 line  2B
    f16.txt  1 line  2B
    f17.txt  1 line  2B
    f18.txt  1 line  2B
    f19.txt  1 line  2B
    f20.txt  1 line  2B
    f21.txt  1 line  2B
    f22.txt  1 line  2B
    f23.txt  1 line  2B
    f24.txt  1 line  2B
    f25.txt  1 line  2B
    f26.txt  1 line  2B
    f27.txt  1 line  2B
    f28.txt  1 line  2B
    f29.txt  1 line  2B
    f30.txt  1 line  2B
    f31.txt  1 line  2B
    f32.txt  1 line  2B
    f33.txt  1 line  2B
    f34.txt  1 line  2B
    f35.txt  1 line  2B
    f36.txt  1 line  2B
    f37.txt  1 line  2B
    f38.txt  1 line  2B
    f39.txt  1 line  2B
    f40.txt  1 line  2B
    f41.txt  1 line  2B
    f42.txt  1 line  2B
    f43.txt  1 line  2B
    f44.txt  1 line  2B
    f45.txt  1 line  2B
stderr:
truncated at 200 of 466 entries
hint: lino ls --depth 1
