stdout:
flat/  210 files  210 lines  420B
  f000.txt  1 line  2B
  f001.txt  1 line  2B
  f002.txt  1 line  2B
  f003.txt  1 line  2B
  f004.txt  1 line  2B
  f005.txt  1 line  2B
  f006.txt  1 line  2B
  f007.txt  1 line  2B
  f008.txt  1 line  2B
  f009.txt  1 line  2B
  f010.txt  1 line  2B
  f011.txt  1 line  2B
  f012.txt  1 line  2B
  f013.txt  1 line  2B
  f014.txt  1 line  2B
  f015.txt  1 line  2B
  f016.txt  1 line  2B
  f017.txt  1 line  2B
  f018.txt  1 line  2B
  f019.txt  1 line  2B
  f020.txt  1 line  2B
  f021.txt  1 line  2B
  f022.txt  1 line  2B
  f023.txt  1 line  2B
  f024.txt  1 line  2B
  f025.txt  1 line  2B
  f026.txt  1 line  2B
  f027.txt  1 line  2B
  f028.txt  1 line  2B
  f029.txt  1 line  2B
  f030.txt  1 line  2B
  f031.txt  1 line  2B
  f032.txt  1 line  2B
  f033.txt  1 line  2B
  f034.txt  1 line  2B
  f035.txt  1 line  2B
  f036.txt  1 line  2B
  f037.txt  1 line  2B
  f038.txt  1 line  2B
  f039.txt  1 line  2B
  f040.txt  1 line  2B
  f041.txt  1 line  2B
  f042.txt  1 line  2B
  f043.txt  1 line  2B
  f044.txt  1 line  2B
  f045.txt  1 line  2B
  f046.txt  1 line  2B
  f047.txt  1 line  2B
  f048.txt  1 line  2B
  f049.txt  1 line  2B
  f050.txt  1 line  2B
  f051.txt  1 line  2B
  f052.txt  1 line  2B
  f053.txt  1 line  2B
  f054.txt  1 line  2B
  f055.txt  1 line  2B
  f056.txt  1 line  2B
  f057.txt  1 line  2B
  f058.txt  1 line  2B
  f059.txt  1 line  2B
  f060.txt  1 line  2B
  f061.txt  1 line  2B
  f062.txt  1 line  2B
  f063.txt  1 line  2B
  f064.txt  1 line  2B
  f065.txt  1 line  2B
  f066.txt  1 line  2B
  f067.txt  1 line  2B
  f068.txt  1 line  2B
  f069.txt  1 line  2B
  f070.txt  1 line  2B
  f071.txt  1 line  2B
  f072.txt  1 line  2B
  f073.txt  1 line  2B
  f074.txt  1 line  2B
  f075.txt  1 line  2B
  f076.txt  1 line  2B
  f077.txt  1 line  2B
  f078.txt  1 line  2B
  f079.txt  1 line  2B
  f080.txt  1 line  2B
  f081.txt  1 line  2B
  f082.txt  1 line  2B
  f083.txt  1 line  2B
  f084.txt  1 line  2B
  f085.txt  1 line  2B
  f086.txt  1 line  2B
  f087.txt  1 line  2B
  f088.txt  1 line  2B
  f089.txt  1 line  2B
  f090.txt  1 line  2B
  f091.txt  1 line  2B
  f092.txt  1 line  2B
  f093.txt  1 line  2B
  f094.txt  1 line  2B
  f095.txt  1 line  2B
  f096.txt  1 line  2B
  f097.txt  1 line  2B
  f098.txt  1 line  2B
  f099.txt  1 line  2B
  f100.txt  1 line  2B
  f101.txt  1 line  2B
  f102.txt  1 line  2B
  f103.txt  1 line  2B
  f104.txt  1 line  2B
  f105.txt  1 line  2B
  f106.txt  1 line  2B
  f107.txt  1 line  2B
  f108.txt  1 line  2B
  f109.txt  1 line  2B
  f110.txt  1 line  2B
  f111.txt  1 line  2B
  f112.txt  1 line  2B
  f113.txt  1 line  2B
  f114.txt  1 line  2B
  f115.txt  1 line  2B
  f116.txt  1 line  2B
  f117.txt  1 line  2B
  f118.txt  1 line  2B
  f119.txt  1 line  2B
  f120.txt  1 line  2B
  f121.txt  1 line  2B
  f122.txt  1 line  2B
  f123.txt  1 line  2B
  f124.txt  1 line  2B
  f125.txt  1 line  2B
  f126.txt  1 line  2B
  f127.txt  1 line  2B
  f128.txt  1 line  2B
  f129.txt  1 line  2B
  f130.txt  1 line  2B
  f131.txt  1 line  2B
  f132.txt  1 line  2B
  f133.txt  1 line  2B
  f134.txt  1 line  2B
  f135.txt  1 line  2B
  f136.txt  1 line  2B
  f137.txt  1 line  2B
  f138.txt  1 line  2B
  f139.txt  1 line  2B
  f140.txt  1 line  2B
  f141.txt  1 line  2B
  f142.txt  1 line  2B
  f143.txt  1 line  2B
  f144.txt  1 line  2B
  f145.txt  1 line  2B
  f146.txt  1 line  2B
  f147.txt  1 line  2B
  f148.txt  1 line  2B
  f149.txt  1 line  2B
  f150.txt  1 line  2B
  f151.txt  1 line  2B
  f152.txt  1 line  2B
  f153.txt  1 line  2B
  f154.txt  1 line  2B
  f155.txt  1 line  2B
  f156.txt  1 line  2B
  f157.txt  1 line  2B
  f158.txt  1 line  2B
  f159.txt  1 line  2B
  f160.txt  1 line  2B
  f161.txt  1 line  2B
  f162.txt  1 line  2B
  f163.txt  1 line  2B
  f164.txt  1 line  2B
  f165.txt  1 line  2B
  f166.txt  1 line  2B
  f167.txt  1 line  2B
  f168.txt  1 line  2B
  f169.txt  1 line  2B
  f170.txt  1 line  2B
  f171.txt  1 line  2B
  f172.txt  1 line  2B
  f173.txt  1 line  2B
  f174.txt  1 line  2B
  f175.txt  1 line  2B
  f176.txt  1 line  2B
  f177.txt  1 line  2B
  f178.txt  1 line  2B
  f179.txt  1 line  2B
  f180.txt  1 line  2B
  f181.txt  1 line  2B
  f182.txt  1 line  2B
  f183.txt  1 line  2B
  f184.txt  1 line  2B
  f185.txt  1 line  2B
  f186.txt  1 line  2B
  f187.txt  1 line  2B
  f188.txt  1 line  2B
  f189.txt  1 line  2B
  f190.txt  1 line  2B
  f191.txt  1 line  2B
  f192.txt  1 line  2B
  f193.txt  1 line  2B
  f194.txt  1 line  2B
  f195.txt  1 line  2B
  f196.txt  1 line  2B
  f197.txt  1 line  2B
  f198.txt  1 line  2B
  f199.txt  1 line  2B
stderr:
truncated at 200 of 210 entries
hint: narrow the path
